Archive member included to satisfy reference by file (symbol)

/Applications/STM32CubeIDE.app/Contents/Eclipse/plugins/com.st.stm32cube.ide.mcu.externaltools.gnu-tools-for-stm32.11.3.rel1.macos64_1.1.1.202309131626/tools/bin/../lib/gcc/arm-none-eabi/11.3.1/../../../../arm-none-eabi/lib/thumb/v7e-m+fp/hard/libc_nano.a(libc_a-exit.o)
                              /Applications/STM32CubeIDE.app/Contents/Eclipse/plugins/com.st.stm32cube.ide.mcu.externaltools.gnu-tools-for-stm32.11.3.rel1.macos64_1.1.1.202309131626/tools/bin/../lib/gcc/arm-none-eabi/11.3.1/../../../../arm-none-eabi/lib/thumb/v7e-m+fp/hard/crt0.o (exit)
/Applications/STM32CubeIDE.app/Contents/Eclipse/plugins/com.st.stm32cube.ide.mcu.externaltools.gnu-tools-for-stm32.11.3.rel1.macos64_1.1.1.202309131626/tools/bin/../lib/gcc/arm-none-eabi/11.3.1/../../../../arm-none-eabi/lib/thumb/v7e-m+fp/hard/libc_nano.a(libc_a-findfp.o)
                              /Applications/STM32CubeIDE.app/Contents/Eclipse/plugins/com.st.stm32cube.ide.mcu.externaltools.gnu-tools-for-stm32.11.3.rel1.macos64_1.1.1.202309131626/tools/bin/../lib/gcc/arm-none-eabi/11.3.1/../../../../arm-none-eabi/lib/thumb/v7e-m+fp/hard/libc_nano.a(libc_a-exit.o) (__stdio_exit_handler)
/Applications/STM32CubeIDE.app/Contents/Eclipse/plugins/com.st.stm32cube.ide.mcu.externaltools.gnu-tools-for-stm32.11.3.rel1.macos64_1.1.1.202309131626/tools/bin/../lib/gcc/arm-none-eabi/11.3.1/../../../../arm-none-eabi/lib/thumb/v7e-m+fp/hard/libc_nano.a(libc_a-fwalk.o)
                              /Applications/STM32CubeIDE.app/Contents/Eclipse/plugins/com.st.stm32cube.ide.mcu.externaltools.gnu-tools-for-stm32.11.3.rel1.macos64_1.1.1.202309131626/tools/bin/../lib/gcc/arm-none-eabi/11.3.1/../../../../arm-none-eabi/lib/thumb/v7e-m+fp/hard/libc_nano.a(libc_a-findfp.o) (_fwalk_sglue)
/Applications/STM32CubeIDE.app/Contents/Eclipse/plugins/com.st.stm32cube.ide.mcu.externaltools.gnu-tools-for-stm32.11.3.rel1.macos64_1.1.1.202309131626/tools/bin/../lib/gcc/arm-none-eabi/11.3.1/../../../../arm-none-eabi/lib/thumb/v7e-m+fp/hard/libc_nano.a(libc_a-memset.o)
                              /Applications/STM32CubeIDE.app/Contents/Eclipse/plugins/com.st.stm32cube.ide.mcu.externaltools.gnu-tools-for-stm32.11.3.rel1.macos64_1.1.1.202309131626/tools/bin/../lib/gcc/arm-none-eabi/11.3.1/../../../../arm-none-eabi/lib/thumb/v7e-m+fp/hard/crt0.o (memset)
/Applications/STM32CubeIDE.app/Contents/Eclipse/plugins/com.st.stm32cube.ide.mcu.externaltools.gnu-tools-for-stm32.11.3.rel1.macos64_1.1.1.202309131626/tools/bin/../lib/gcc/arm-none-eabi/11.3.1/../../../../arm-none-eabi/lib/thumb/v7e-m+fp/hard/libc_nano.a(libc_a-impure.o)
                              /Applications/STM32CubeIDE.app/Contents/Eclipse/plugins/com.st.stm32cube.ide.mcu.externaltools.gnu-tools-for-stm32.11.3.rel1.macos64_1.1.1.202309131626/tools/bin/../lib/gcc/arm-none-eabi/11.3.1/../../../../arm-none-eabi/lib/thumb/v7e-m+fp/hard/libc_nano.a(libc_a-findfp.o) (_impure_data)
/Applications/STM32CubeIDE.app/Contents/Eclipse/plugins/com.st.stm32cube.ide.mcu.externaltools.gnu-tools-for-stm32.11.3.rel1.macos64_1.1.1.202309131626/tools/bin/../lib/gcc/arm-none-eabi/11.3.1/../../../../arm-none-eabi/lib/thumb/v7e-m+fp/hard/libc_nano.a(libc_a-errno.o)
                              ./Src/syscalls.o (__errno)
/Applications/STM32CubeIDE.app/Contents/Eclipse/plugins/com.st.stm32cube.ide.mcu.externaltools.gnu-tools-for-stm32.11.3.rel1.macos64_1.1.1.202309131626/tools/bin/../lib/gcc/arm-none-eabi/11.3.1/../../../../arm-none-eabi/lib/thumb/v7e-m+fp/hard/libc_nano.a(libc_a-init.o)
                              /Applications/STM32CubeIDE.app/Contents/Eclipse/plugins/com.st.stm32cube.ide.mcu.externaltools.gnu-tools-for-stm32.11.3.rel1.macos64_1.1.1.202309131626/tools/bin/../lib/gcc/arm-none-eabi/11.3.1/../../../../arm-none-eabi/lib/thumb/v7e-m+fp/hard/crt0.o (__libc_init_array)
/Applications/STM32CubeIDE.app/Contents/Eclipse/plugins/com.st.stm32cube.ide.mcu.externaltools.gnu-tools-for-stm32.11.3.rel1.macos64_1.1.1.202309131626/tools/bin/../lib/gcc/arm-none-eabi/11.3.1/../../../../arm-none-eabi/lib/thumb/v7e-m+fp/hard/libc_nano.a(libc_a-lock.o)
                              /Applications/STM32CubeIDE.app/Contents/Eclipse/plugins/com.st.stm32cube.ide.mcu.externaltools.gnu-tools-for-stm32.11.3.rel1.macos64_1.1.1.202309131626/tools/bin/../lib/gcc/arm-none-eabi/11.3.1/../../../../arm-none-eabi/lib/thumb/v7e-m+fp/hard/libc_nano.a(libc_a-findfp.o) (__retarget_lock_init_recursive)
/Applications/STM32CubeIDE.app/Contents/Eclipse/plugins/com.st.stm32cube.ide.mcu.externaltools.gnu-tools-for-stm32.11.3.rel1.macos64_1.1.1.202309131626/tools/bin/../lib/gcc/arm-none-eabi/11.3.1/../../../../arm-none-eabi/lib/thumb/v7e-m+fp/hard/libc_nano.a(libc_a-mallocr.o)
[...]
Memory Configuration

Name             Origin             Length             Attributes
RAM              0x0000000020000000 0x0000000000020000 xrw
FLASH            0x0000000008000000 0x0000000000080000 xr
*default*        0x0000000000000000 0xffffffffffffffff

Linker script and memory map

LOAD /Applications/STM32CubeIDE.app/Contents/Eclipse/plugins/com.st.stm32cube.ide.mcu.externaltools.gnu-tools-for-stm32.11.3.rel1.macos64_1.1.1.202309131626/tools/bin/../lib/gcc/arm-none-eabi/11.3.1/thumb/v7e-m+fp/hard/crti.o
LOAD /Applications/STM32CubeIDE.app/Contents/Eclipse/plugins/com.st.stm32cube.ide.mcu.externaltools.gnu-tools-for-stm32.11.3.rel1.macos64_1.1.1.202309131626/tools/bin/../lib/gcc/arm-none-eabi/11.3.1/thumb/v7e-m+fp/hard/crtbegin.o
LOAD /Applications/STM32CubeIDE.app/Contents/Eclipse/plugins/com.st.stm32cube.ide.mcu.externaltools.gnu-tools-for-stm32.11.3.rel1.macos64_1.1.1.202309131626/tools/bin/../lib/gcc/arm-none-eabi/11.3.1/../../../../arm-none-eabi/lib/thumb/v7e-m+fp/hard/crt0.o
LOAD ./Src/clock_handler.o
LOAD ./Src/exti_driver.o
LOAD ./Src/main.o
LOAD ./Src/shift_reg_handler.o
LOAD ./Src/syscalls.o
LOAD ./Src/sysmem.o
LOAD ./Src/timer_driver.o
LOAD ./Src/uart_driver.o
LOAD ./Startup/startup_stm32f411ceux.o
START GROUP
LOAD /Applications/STM32CubeIDE.app/Contents/Eclipse/plugins/com.st.stm32cube.ide.mcu.externaltools.gnu-tools-for-stm32.11.3.rel1.macos64_1.1.1.202309131626/tools/bin/../lib/gcc/arm-none-eabi/11.3.1/../../../../arm-none-eabi/lib/thumb/v7e-m+fp/hard/libc_nano.a
LOAD /Applications/STM32CubeIDE.app/Contents/Eclipse/plugins/com.st.stm32cube.ide.mcu.externaltools.gnu-tools-for-stm32.11.3.rel1.macos64_1.1.1.202309131626/tools/bin/../lib/gcc/arm-none-eabi/11.3.1/../../../../arm-none-eabi/lib/thumb/v7e-m+fp/hard/libm.a
END GROUP
START GROUP
LOAD /Applications/STM32CubeIDE.app/Contents/Eclipse/plugins/com.st.stm32cube.ide.mcu.externaltools.gnu-tools-for-stm32.11.3.rel1.macos64_1.1.1.202309131626/tools/bin/../lib/gcc/arm-none-eabi/11.3.1/thumb/v7e-m+fp/hard/libgcc.a
LOAD /Applications/STM32CubeIDE.app/Contents/Eclipse/plugins/com.st.stm32cube.ide.mcu.externaltools.gnu-tools-for-stm32.11.3.rel1.macos64_1.1.1.202309131626/tools/bin/../lib/gcc/arm-none-eabi/11.3.1/../../../../arm-none-eabi/lib/thumb/v7e-m+fp/hard/libc_nano.a
END GROUP
START GROUP
LOAD /Applications/STM32CubeIDE.app/Contents/Eclipse/plugins/com.st.stm32cube.ide.mcu.externaltools.gnu-tools-for-stm32.11.3.rel1.macos64_1.1.1.202309131626/tools/bin/../lib/gcc/arm-none-eabi/11.3.1/thumb/v7e-m+fp/hard/libgcc.a
LOAD /Applications/STM32CubeIDE.app/Contents/Eclipse/plugins/com.st.stm32cube.ide.mcu.externaltools.gnu-tools-for-stm32.11.3.rel1.macos64_1.1.1.202309131626/tools/bin/../lib/gcc/arm-none-eabi/11.3.1/../../../../arm-none-eabi/lib/thumb/v7e-m+fp/hard/libc_nano.a
LOAD /Applications/STM32CubeIDE.app/Contents/Eclipse/plugins/com.st.stm32cube.ide.mcu.externaltools.gnu-tools-for-stm32.11.3.rel1.macos64_1.1.1.202309131626/tools/bin/../lib/gcc/arm-none-eabi/11.3.1/../../../../arm-none-eabi/lib/thumb/v7e-m+fp/hard/libnosys.a
END GROUP
START GROUP
LOAD /Applications/STM32CubeIDE.app/Contents/Eclipse/plugins/com.st.stm32cube.ide.mcu.externaltools.gnu-tools-for-stm32.11.3.rel1.macos64_1.1.1.202309131626/tools/bin/../lib/gcc/arm-none-eabi/11.3.1/thumb/v7e-m+fp/hard/libgcc.a
LOAD /Applications/STM32CubeIDE.app/Contents/Eclipse/plugins/com.st.stm32cube.ide.mcu.externaltools.gnu-tools-for-stm32.11.3.rel1.macos64_1.1.1.202309131626/tools/bin/../lib/gcc/arm-none-eabi/11.3.1/../../../../arm-none-eabi/lib/thumb/v7e-m+fp/hard/libc_nano.a
LOAD /Applications/STM32CubeIDE.app/Contents/Eclipse/plugins/com.st.stm32cube.ide.mcu.externaltools.gnu-tools-for-stm32.11.3.rel1.macos64_1.1.1.202309131626/tools/bin/../lib/gcc/arm-none-eabi/11.3.1/../../../../arm-none-eabi/lib/thumb/v7e-m+fp/hard/libnosys.a
END GROUP
LOAD /Applications/STM32CubeIDE.app/Contents/Eclipse/plugins/com.st.stm32cube.ide.mcu.externaltools.gnu-tools-for-stm32.11.3.rel1.macos64_1.1.1.202309131626/tools/bin/../lib/gcc/arm-none-eabi/11.3.1/thumb/v7e-m+fp/hard/crtend.o
LOAD /Applications/STM32CubeIDE.app/Contents/Eclipse/plugins/com.st.stm32cube.ide.mcu.externaltools.gnu-tools-for-stm32.11.3.rel1.macos64_1.1.1.202309131626/tools/bin/../lib/gcc/arm-none-eabi/11.3.1/thumb/v7e-m+fp/hard/crtn.o
                0x0000000020020000                _estack = (ORIGIN (RAM) + LENGTH (RAM))
                0x0000000000000200                _Min_Heap_Size = 0x200
                0x0000000000000400                _Min_Stack_Size = 0x400

.isr_vector     0x0000000008000000      0x198
                0x0000000008000000                . = ALIGN (0x4)
 *(.isr_vector)
 .isr_vector    0x0000000008000000      0x198 ./Startup/startup_stm32f411ceux.o
                0x0000000008000000                g_pfnVectors
                0x0000000008000198                . = ALIGN (0x4)

.text           0x0000000008000198      0xa54
                0x0000000008000198                . = ALIGN (0x4)
 *(.text)
 .text          0x0000000008000198       0x40 /Applications/STM32CubeIDE.app/Contents/Eclipse/plugins/com.st.stm32cube.ide.mcu.externaltools.gnu-tools-for-stm32.11.3.rel1.macos64_1.1.1.202309131626/tools/bin/../lib/gcc/arm-none-eabi/11.3.1/thumb/v7e-m+fp/hard/crtbegin.o
 *(.text*)
 .text.calculate_seconds_rem
                0x00000000080001d8       0x34 ./Src/clock_handler.o
                0x00000000080001d8                calculate_seconds_rem
 .text.calculate_min
                0x000000000800020c       0x44 ./Src/clock_handler.o
                0x000000000800020c                calculate_min
 .text.calculate_hour
                0x0000000008000250       0x28 ./Src/clock_handler.o
                0x0000000008000250                calculate_hour
 .text.main     0x0000000008000278       0x70 ./Src/main.o
                0x0000000008000278                main
 .text.shift_reg_init
                0x00000000080002e8       0x34 ./Src/shift_reg_handler.o
                0x00000000080002e8                shift_reg_init
 .text.display_handler
                0x000000000800031c       0x26 ./Src/shift_reg_handler.o
                0x000000000800031c                display_handler
 *fill*         0x0000000008000342        0x2 
 .text.display_hours
                0x0000000008000344       0xb8 ./Src/shift_reg_handler.o
                0x0000000008000344                display_hours
 .text.display_minutes
                0x00000000080003fc       0xb8 ./Src/shift_reg_handler.o
                0x00000000080003fc                display_minutes
 .text.display_seconds
                0x00000000080004b4       0x9c ./Src/shift_reg_handler.o
                0x00000000080004b4                display_seconds
 .text.set_time_array
                0x0000000008000550      0x358 ./Src/shift_reg_handler.o
                0x0000000008000550                set_time_array
 .text.set_digit_array
                0x00000000080008a8       0x7c ./Src/shift_reg_handler.o
                0x00000000080008a8                set_digit_array
 .text.send_bits
                0x0000000008000924       0x58 ./Src/shift_reg_handler.o
                0x0000000008000924                send_bits
 .text.pulse_clock
                0x000000000800097c       0x58 ./Src/shift_reg_handler.o
                0x000000000800097c                pulse_clock
 .text.pulse_latch
                0x00000000080009d4       0x58 ./Src/shift_reg_handler.o
                0x00000000080009d4                pulse_latch
 .text.tim2_1hz_init
                0x0000000008000a2c       0x4c ./Src/timer_driver.o
                0x0000000008000a2c                tim2_1hz_init
 .text.uart1_tx_init
                0x0000000008000a78       0x78 ./Src/uart_driver.o
                0x0000000008000a78                uart1_tx_init
 .text.uart1_set_brr
                0x0000000008000af0       0x38 ./Src/uart_driver.o
                0x0000000008000af0                uart1_set_brr
 .text.Reset_Handler
                0x0000000008000b28       0x50 ./Startup/startup_stm32f411ceux.o
                0x0000000008000b28                Reset_Handler
 .text.Default_Handler
                0x0000000008000b78        0x2 ./Startup/startup_stm32f411ceux.o
                0x0000000008000b78                DMA1_Stream3_IRQHandler
                0x0000000008000b78                EXTI2_IRQHandler
                0x0000000008000b78                DebugMon_Handler
                0x0000000008000b78                SPI4_IRQHandler
                0x0000000008000b78                TIM1_CC_IRQHandler
                0x0000000008000b78                DMA2_Stream5_IRQHandler
                0x0000000008000b78                HardFault_Handler
                0x0000000008000b78                DMA1_Stream5_IRQHandler
                0x0000000008000b78                SysTick_Handler
                0x0000000008000b78                PVD_IRQHandler
                0x0000000008000b78                SDIO_IRQHandler
                0x0000000008000b78                TAMP_STAMP_IRQHandler
                0x0000000008000b78                PendSV_Handler
                0x0000000008000b78                NMI_Handler
                0x0000000008000b78                EXTI3_IRQHandler
                0x0000000008000b78                TIM1_UP_TIM10_IRQHandler
                0x0000000008000b78                I2C3_ER_IRQHandler
                0x0000000008000b78                EXTI0_IRQHandler
                0x0000000008000b78                I2C2_EV_IRQHandler
                0x0000000008000b78                DMA1_Stream2_IRQHandler
                0x0000000008000b78                UsageFault_Handler
                0x0000000008000b78                DMA2_Stream2_IRQHandler
                0x0000000008000b78                SPI1_IRQHandler
                0x0000000008000b78                TIM1_BRK_TIM9_IRQHandler
                0x0000000008000b78                DMA2_Stream3_IRQHandler
                0x0000000008000b78                USART6_IRQHandler
                0x0000000008000b78                DMA2_Stream0_IRQHandler
                0x0000000008000b78                TIM4_IRQHandler
                0x0000000008000b78                I2C1_EV_IRQHandler
                0x0000000008000b78                DMA1_Stream6_IRQHandler
                0x0000000008000b78                DMA1_Stream1_IRQHandler
                0x0000000008000b78                TIM3_IRQHandler
                0x0000000008000b78                RCC_IRQHandler
                0x0000000008000b78                Default_Handler
                0x0000000008000b78                EXTI15_10_IRQHandler
                0x0000000008000b78                ADC_IRQHandler
                0x0000000008000b78                DMA1_Stream7_IRQHandler
                0x0000000008000b78                SPI5_IRQHandler
                0x0000000008000b78                TIM5_IRQHandler
                0x0000000008000b78                DMA2_Stream7_IRQHandler
                0x0000000008000b78                I2C3_EV_IRQHandler
                0x0000000008000b78                EXTI9_5_IRQHandler
                0x0000000008000b78                RTC_WKUP_IRQHandler
                0x0000000008000b78                SPI2_IRQHandler
                0x0000000008000b78                MemManage_Handler
                0x0000000008000b78                DMA1_Stream0_IRQHandler
                0x0000000008000b78                SVC_Handler
                0x0000000008000b78                EXTI4_IRQHandler
                0x0000000008000b78                WWDG_IRQHandler
                0x0000000008000b78                TIM2_IRQHandler
                0x0000000008000b78                OTG_FS_WKUP_IRQHandler
                0x0000000008000b78                TIM1_TRG_COM_TIM11_IRQHandler
                0x0000000008000b78                EXTI1_IRQHandler
                0x0000000008000b78                USART2_IRQHandler
                0x0000000008000b78                I2C2_ER_IRQHandler
                0x0000000008000b78                DMA2_Stream1_IRQHandler
                0x0000000008000b78                FLASH_IRQHandler
                0x0000000008000b78                DMA2_Stream4_IRQHandler
                0x0000000008000b78                BusFault_Handler
                0x0000000008000b78                USART1_IRQHandler
                0x0000000008000b78                OTG_FS_IRQHandler
                0x0000000008000b78                SPI3_IRQHandler
                0x0000000008000b78                DMA1_Stream4_IRQHandler
                0x0000000008000b78                I2C1_ER_IRQHandler
                0x0000000008000b78                DMA2_Stream6_IRQHandler
                0x0000000008000b78                RTC_Alarm_IRQHandler
 .text.memset   0x0000000008000b7a       0x10 /Applications/STM32CubeIDE.app/Contents/Eclipse/plugins/com.st.stm32cube.ide.mcu.externaltools.gnu-tools-for-stm32.11.3.rel1.macos64_1.1.1.202309131626/tools/bin/../lib/gcc/arm-none-eabi/11.3.1/../../../../arm-none-eabi/lib/thumb/v7e-m+fp/hard/libc_nano.a(libc_a-memset.o)
                0x0000000008000b7a                memset
 *fill*         0x0000000008000b8a        0x2 
 .text.__libc_init_array
                0x0000000008000b8c       0x48 /Applications/STM32CubeIDE.app/Contents/Eclipse/plugins/com.st.stm32cube.ide.mcu.externaltools.gnu-tools-for-stm32.11.3.rel1.macos64_1.1.1.202309131626/tools/bin/../lib/gcc/arm-none-eabi/11.3.1/../../../../arm-none-eabi/lib/thumb/v7e-m+fp/hard/libc_nano.a(libc_a-init.o)
                0x0000000008000b8c                __libc_init_array
 *(.glue_7)
 .glue_7        0x0000000008000bd4        0x0 linker stubs
 *(.glue_7t)
 .glue_7t       0x0000000008000bd4        0x0 linker stubs
 *(.eh_frame)
 .eh_frame      0x0000000008000bd4        0x0 /Applications/STM32CubeIDE.app/Contents/Eclipse/plugins/com.st.stm32cube.ide.mcu.externaltools.gnu-tools-for-stm32.11.3.rel1.macos64_1.1.1.202309131626/tools/bin/../lib/gcc/arm-none-eabi/11.3.1/thumb/v7e-m+fp/hard/crtbegin.o
 *(.init)
 .init          0x0000000008000bd4        0x4 /Applications/STM32CubeIDE.app/Contents/Eclipse/plugins/com.st.stm32cube.ide.mcu.externaltools.gnu-tools-for-stm32.11.3.rel1.macos64_1.1.1.202309131626/tools/bin/../lib/gcc/arm-none-eabi/11.3.1/thumb/v7e-m+fp/hard/crti.o
                0x0000000008000bd4                _init
 .init          0x0000000008000bd8        0x8 /Applications/STM32CubeIDE.app/Contents/Eclipse/plugins/com.st.stm32cube.ide.mcu.externaltools.gnu-tools-for-stm32.11.3.rel1.macos64_1.1.1.202309131626/tools/bin/../lib/gcc/arm-none-eabi/11.3.1/thumb/v7e-m+fp/hard/crtn.o
 *(.fini)
 .fini          0x0000000008000be0        0x4 /Applications/STM32CubeIDE.app/Contents/Eclipse/plugins/com.st.stm32cube.ide.mcu.externaltools.gnu-tools-for-stm32.11.3.rel1.macos64_1.1.1.202309131626/tools/bin/../lib/gcc/arm-none-eabi/11.3.1/thumb/v7e-m+fp/hard/crti.o
                0x0000000008000be0                _fini
 .fini          0x0000000008000be4        0x8 /Applications/STM32CubeIDE.app/Contents/Eclipse/plugins/com.st.stm32cube.ide.mcu.externaltools.gnu-tools-for-stm32.11.3.rel1.macos64_1.1.1.202309131626/tools/bin/../lib/gcc/arm-none-eabi/11.3.1/thumb/v7e-m+fp/hard/crtn.o
                0x0000000008000bec                . = ALIGN (0x4)
                0x0000000008000bec                _etext = .

.vfp11_veneer   0x0000000008000bec        0x0
 .vfp11_veneer  0x0000000008000bec        0x0 linker stubs

.v4_bx          0x0000000008000bec        0x0
 .v4_bx         0x0000000008000bec        0x0 linker stubs

.iplt           0x0000000008000bec        0x0
 .iplt          0x0000000008000bec        0x0 /Applications/STM32CubeIDE.app/Contents/Eclipse/plugins/com.st.stm32cube.ide.mcu.externaltools.gnu-tools-for-stm32.11.3.rel1.macos64_1.1.1.202309131626/tools/bin/../lib/gcc/arm-none-eabi/11.3.1/thumb/v7e-m+fp/hard/crtbegin.o

.rel.dyn        0x0000000008000bec        0x0
 .rel.iplt      0x0000000008000bec        0x0 /Applications/STM32CubeIDE.app/Contents/Eclipse/plugins/com.st.stm32cube.ide.mcu.externaltools.gnu-tools-for-stm32.11.3.rel1.macos64_1.1.1.202309131626/tools/bin/../lib/gcc/arm-none-eabi/11.3.1/thumb/v7e-m+fp/hard/crtbegin.o

.rodata         0x0000000008000bec        0x0
                0x0000000008000bec                . = ALIGN (0x4)
 *(.rodata)
 *(.rodata*)
                0x0000000008000bec                . = ALIGN (0x4)

.ARM.extab      0x0000000008000bec        0x0
                0x0000000008000bec                . = ALIGN (0x4)
 *(.ARM.extab* .gnu.linkonce.armextab.*)
                0x0000000008000bec                . = ALIGN (0x4)

.ARM            0x0000000008000bec        0x0
                0x0000000008000bec                . = ALIGN (0x4)
                0x0000000008000bec                __exidx_start = .
 *(.ARM.exidx*)
                0x0000000008000bec                __exidx_end = .
                0x0000000008000bec                . = ALIGN (0x4)

.preinit_array  0x0000000008000bec        0x0
                0x0000000008000bec                . = ALIGN (0x4)
                0x0000000008000bec                PROVIDE (__preinit_array_start = .)
 *(.preinit_array*)
                0x0000000008000bec                PROVIDE (__preinit_array_end = .)
                0x0000000008000bec                . = ALIGN (0x4)

.init_array     0x0000000008000bec        0x4
                0x0000000008000bec                . = ALIGN (0x4)
                0x0000000008000bec                PROVIDE (__init_array_start = .)
 *(SORT_BY_NAME(.init_array.*))
 *(.init_array*)
 .init_array    0x0000000008000bec        0x4 /Applications/STM32CubeIDE.app/Contents/Eclipse/plugins/com.st.stm32cube.ide.mcu.externaltools.gnu-tools-for-stm32.11.3.rel1.macos64_1.1.1.202309131626/tools/bin/../lib/gcc/arm-none-eabi/11.3.1/thumb/v7e-m+fp/hard/crtbegin.o
                0x0000000008000bf0                PROVIDE (__init_array_end = .)
                0x0000000008000bf0                . = ALIGN (0x4)

.fini_array     0x0000000008000bf0        0x4
                0x0000000008000bf0                . = ALIGN (0x4)
                [!provide]                        PROVIDE (__fini_array_start = .)
 *(SORT_BY_NAME(.fini_array.*))
 *(.fini_array*)
 .fini_array    0x0000000008000bf0        0x4 /Applications/STM32CubeIDE.app/Contents/Eclipse/plugins/com.st.stm32cube.ide.mcu.externaltools.gnu-tools-for-stm32.11.3.rel1.macos64_1.1.1.202309131626/tools/bin/../lib/gcc/arm-none-eabi/11.3.1/thumb/v7e-m+fp/hard/crtbegin.o
                [!provide]                        PROVIDE (__fini_array_end = .)
                0x0000000008000bf4                . = ALIGN (0x4)
                0x0000000008000bf4                _sidata = LOADADDR (.data)

.data           0x0000000020000000        0x4 load address 0x0000000008000bf4
                0x0000000020000000                . = ALIGN (0x4)
                0x0000000020000000                _sdata = .
 *(.data)
 *(.data*)
 .data.seconds  0x0000000020000000        0x4 ./Src/main.o
                0x0000000020000000                seconds
 *(.RamFunc)
 *(.RamFunc*)
                0x0000000020000004                . = ALIGN (0x4)
                0x0000000020000004                _edata = .

.igot.plt       0x0000000020000004        0x0 load address 0x0000000008000bf8
 .igot.plt      0x0000000020000004        0x0 /Applications/STM32CubeIDE.app/Contents/Eclipse/plugins/com.st.stm32cube.ide.mcu.externaltools.gnu-tools-for-stm32.11.3.rel1.macos64_1.1.1.202309131626/tools/bin/../lib/gcc/arm-none-eabi/11.3.1/thumb/v7e-m+fp/hard/crtbegin.o
                0x0000000020000004                . = ALIGN (0x4)

.bss            0x0000000020000004       0x1c load address 0x0000000008000bf8
                0x0000000020000004                _sbss = .
                0x0000000020000004                __bss_start__ = _sbss
 *(.bss)
 .bss           0x0000000020000004       0x1c /Applications/STM32CubeIDE.app/Contents/Eclipse/plugins/com.st.stm32cube.ide.mcu.externaltools.gnu-tools-for-stm32.11.3.rel1.macos64_1.1.1.202309131626/tools/bin/../lib/gcc/arm-none-eabi/11.3.1/thumb/v7e-m+fp/hard/crtbegin.o
 *(.bss*)
 *(COMMON)
                0x0000000020000020                . = ALIGN (0x4)
                0x0000000020000020                _ebss = .
                0x0000000020000020                __bss_end__ = _ebss

._user_heap_stack
                0x0000000020000020      0x600 load address 0x0000000008000bf8
                0x0000000020000020                . = ALIGN (0x8)
                [!provide]                        PROVIDE (end = .)
                0x0000000020000020                PROVIDE (_end = .)
                0x0000000020000220                . = (. + _Min_Heap_Size)
 *fill*         0x0000000020000020      0x200 
                0x0000000020000620                . = (. + _Min_Stack_Size)
 *fill*         0x0000000020000220      0x400 
                0x0000000020000620                . = ALIGN (0x8)

/DISCARD/
 libc.a(*)
 libm.a(*)
 libgcc.a(*)

.ARM.attributes
                0x0000000000000000       0x30
 *(.ARM.attributes)
 .ARM.attributes
                0x0000000000000000       0x1e /Applications/STM32CubeIDE.app/Contents/Eclipse/plugins/com.st.stm32cube.ide.mcu.externaltools.gnu-tools-for-stm32.11.3.rel1.macos64_1.1.1.202309131626/tools/bin/../lib/gcc/arm-none-eabi/11.3.1/thumb/v7e-m+fp/hard/crti.o
 .ARM.attributes
                0x000000000000001e       0x34 /Applications/STM32CubeIDE.app/Contents/Eclipse/plugins/com.st.stm32cube.ide.mcu.externaltools.gnu-tools-for-stm32.11.3.rel1.macos64_1.1.1.202309131626/tools/bin/../lib/gcc/arm-none-eabi/11.3.1/thumb/v7e-m+fp/hard/crtbegin.o
 .ARM.attributes
                0x0000000000000052       0x34 ./Src/clock_handler.o
 .ARM.attributes
                0x0000000000000086       0x34 ./Src/main.o
 .ARM.attributes
                0x00000000000000ba       0x34 ./Src/shift_reg_handler.o
 .ARM.attributes
                0x00000000000000ee       0x34 ./Src/timer_driver.o
 .ARM.attributes
                0x0000000000000122       0x34 ./Src/uart_driver.o
 .ARM.attributes
                0x0000000000000156       0x21 ./Startup/startup_stm32f411ceux.o
 .ARM.attributes
                0x0000000000000177       0x34 /Applications/STM32CubeIDE.app/Contents/Eclipse/plugins/com.st.stm32cube.ide.mcu.externaltools.gnu-tools-for-stm32.11.3.rel1.macos64_1.1.1.202309131626/tools/bin/../lib/gcc/arm-none-eabi/11.3.1/../../../../arm-none-eabi/lib/thumb/v7e-m+fp/hard/libc_nano.a(libc_a-memset.o)
 .ARM.attributes
                0x00000000000001ab       0x34 /Applications/STM32CubeIDE.app/Contents/Eclipse/plugins/com.st.stm32cube.ide.mcu.externaltools.gnu-tools-for-stm32.11.3.rel1.macos64_1.1.1.202309131626/tools/bin/../lib/gcc/arm-none-eabi/11.3.1/../../../../arm-none-eabi/lib/thumb/v7e-m+fp/hard/libc_nano.a(libc_a-init.o)
 .ARM.attributes
                0x00000000000001df       0x1e /Applications/STM32CubeIDE.app/Contents/Eclipse/plugins/com.st.stm32cube.ide.mcu.externaltools.gnu-tools-for-stm32.11.3.rel1.macos64_1.1.1.202309131626/tools/bin/../lib/gcc/arm-none-eabi/11.3.1/thumb/v7e-m+fp/hard/crtn.o
OUTPUT(clock_project.elf elf32-littlearm)
LOAD linker stubs
LOAD /Applications/STM32CubeIDE.app/Contents/Eclipse/plugins/com.st.stm32cube.ide.mcu.externaltools.gnu-tools-for-stm32.11.3.rel1.macos64_1.1.1.202309131626/tools/bin/../lib/gcc/arm-none-eabi/11.3.1/../../../../arm-none-eabi/lib/thumb/v7e-m+fp/hard/libc.a
LOAD /Applications/STM32CubeIDE.app/Contents/Eclipse/plugins/com.st.stm32cube.ide.mcu.externaltools.gnu-tools-for-stm32.11.3.rel1.macos64_1.1.1.202309131626/tools/bin/../lib/gcc/arm-none-eabi/11.3.1/../../../../arm-none-eabi/lib/thumb/v7e-m+fp/hard/libm.a
LOAD /Applications/STM32CubeIDE.app/Contents/Eclipse/plugins/com.st.stm32cube.ide.mcu.externaltools.gnu-tools-for-stm32.11.3.rel1.macos64_1.1.1.202309131626/tools/bin/../lib/gcc/arm-none-eabi/11.3.1/thumb/v7e-m+fp/hard/libgcc.a

.comment        0x0000000000000000       0x43
 .comment       0x0000000000000000       0x43 /Applications/STM32CubeIDE.app/Contents/Eclipse/plugins/com.st.stm32cube.ide.mcu.externaltools.gnu-tools-for-stm32.11.3.rel1.macos64_1.1.1.202309131626/tools/bin/../lib/gcc/arm-none-eabi/11.3.1/thumb/v7e-m+fp/hard/crtbegin.o
                                         0x44 (size before relaxing)
 .comment       0x0000000000000043       0x44 ./Src/clock_handler.o
 .comment       0x0000000000000043       0x44 ./Src/main.o
 .comment       0x0000000000000043       0x44 ./Src/shift_reg_handler.o
 .comment       0x0000000000000043       0x44 ./Src/timer_driver.o
 .comment       0x0000000000000043       0x44 ./Src/uart_driver.o

.debug_info     0x0000000000000000      0xfc0
 .debug_info    0x0000000000000000       0xda ./Src/clock_handler.o
 .debug_info    0x00000000000000da      0x25a ./Src/main.o
 .debug_info    0x0000000000000334      0x50e ./Src/shift_reg_handler.o
 .debug_info    0x0000000000000842      0x361 ./Src/timer_driver.o
 .debug_info    0x0000000000000ba3      0x3fa ./Src/uart_driver.o
 .debug_info    0x0000000000000f9d       0x23 ./Startup/startup_stm32f411ceux.o

.debug_abbrev   0x0000000000000000      0x4bb
 .debug_abbrev  0x0000000000000000       0x88 ./Src/clock_handler.o
 .debug_abbrev  0x0000000000000088      0x102 ./Src/main.o
 .debug_abbrev  0x000000000000018a      0x148 ./Src/shift_reg_handler.o
 .debug_abbrev  0x00000000000002d2       0xb3 ./Src/timer_driver.o
 .debug_abbrev  0x0000000000000385      0x124 ./Src/uart_driver.o
 .debug_abbrev  0x00000000000004a9       0x12 ./Startup/startup_stm32f411ceux.o

.debug_aranges  0x0000000000000000      0x140
 .debug_aranges
                0x0000000000000000       0x38 ./Src/clock_handler.o
 .debug_aranges
                0x0000000000000038       0x20 ./Src/main.o
 .debug_aranges
                0x0000000000000058       0x68 ./Src/shift_reg_handler.o
 .debug_aranges
                0x00000000000000c0       0x20 ./Src/timer_driver.o
 .debug_aranges
                0x00000000000000e0       0x38 ./Src/uart_driver.o
 .debug_aranges
                0x0000000000000118       0x28 ./Startup/startup_stm32f411ceux.o

.debug_rnglists
                0x0000000000000000       0xd6
 .debug_rnglists
                0x0000000000000000       0x25 ./Src/clock_handler.o
 .debug_rnglists
                0x0000000000000025       0x13 ./Src/main.o
 .debug_rnglists
                0x0000000000000038       0x4d ./Src/shift_reg_handler.o
 .debug_rnglists
                0x0000000000000085       0x13 ./Src/timer_driver.o
 .debug_rnglists
                0x0000000000000098       0x25 ./Src/uart_driver.o
 .debug_rnglists
                0x00000000000000bd       0x19 ./Startup/startup_stm32f411ceux.o

.debug_macro    0x0000000000000000     0xed6e
 .debug_macro   0x0000000000000000       0x1b ./Src/clock_handler.o
 .debug_macro   0x000000000000001b      0xaae ./Src/clock_handler.o
 .debug_macro   0x0000000000000ac9      0x1fb ./Src/main.o
 .debug_macro   0x0000000000000cc4       0x28 ./Src/main.o
 .debug_macro   0x0000000000000cec       0x22 ./Src/main.o
 .debug_macro   0x0000000000000d0e       0x8e ./Src/main.o
 .debug_macro   0x0000000000000d9c       0x51 ./Src/main.o
 .debug_macro   0x0000000000000ded      0x103 ./Src/main.o
 .debug_macro   0x0000000000000ef0       0x6a ./Src/main.o
 .debug_macro   0x0000000000000f5a      0x1df ./Src/main.o
 .debug_macro   0x0000000000001139       0x1c ./Src/main.o
 .debug_macro   0x0000000000001155       0x22 ./Src/main.o
 .debug_macro   0x0000000000001177       0xd9 ./Src/main.o
 .debug_macro   0x0000000000001250     0x102d ./Src/main.o
 .debug_macro   0x000000000000227d      0x11f ./Src/main.o
 .debug_macro   0x000000000000239c     0xb953 ./Src/main.o
 .debug_macro   0x000000000000dcef       0x61 ./Src/main.o
 .debug_macro   0x000000000000dd50       0x2a ./Src/main.o
 .debug_macro   0x000000000000dd7a       0x43 ./Src/main.o
 .debug_macro   0x000000000000ddbd       0x34 ./Src/main.o
 .debug_macro   0x000000000000ddf1       0x16 ./Src/main.o
 .debug_macro   0x000000000000de07       0x97 ./Src/main.o
 .debug_macro   0x000000000000de9e      0x369 ./Src/main.o
 .debug_macro   0x000000000000e207       0xfd ./Src/main.o
 .debug_macro   0x000000000000e304       0x10 ./Src/main.o
 .debug_macro   0x000000000000e314       0x16 ./Src/main.o
 .debug_macro   0x000000000000e32a       0x43 ./Src/main.o
 .debug_macro   0x000000000000e36d       0x34 ./Src/main.o
 .debug_macro   0x000000000000e3a1       0x10 ./Src/main.o
 .debug_macro   0x000000000000e3b1       0x58 ./Src/main.o
 .debug_macro   0x000000000000e409       0x8e ./Src/main.o
 .debug_macro   0x000000000000e497       0x1c ./Src/main.o
 .debug_macro   0x000000000000e4b3      0x177 ./Src/main.o
 .debug_macro   0x000000000000e62a       0x16 ./Src/main.o
 .debug_macro   0x000000000000e640       0x16 ./Src/main.o
 .debug_macro   0x000000000000e656      0x147 ./Src/main.o
 .debug_macro   0x000000000000e79d       0x10 ./Src/main.o
 .debug_macro   0x000000000000e7ad       0x16 ./Src/main.o
 .debug_macro   0x000000000000e7c3       0x35 ./Src/main.o
 .debug_macro   0x000000000000e7f8       0x16 ./Src/main.o
 .debug_macro   0x000000000000e80e       0x29 ./Src/main.o
 .debug_macro   0x000000000000e837      0x27a ./Src/shift_reg_handler.o
 .debug_macro   0x000000000000eab1       0xdb ./Src/timer_driver.o
 .debug_macro   0x000000000000eb8c      0x1e2 ./Src/uart_driver.o

.debug_line     0x0000000000000000     0x1cbe
 .debug_line    0x0000000000000000       0xad ./Src/clock_handler.o
 .debug_line    0x00000000000000ad      0x66e ./Src/main.o
 .debug_line    0x000000000000071b      0x9eb ./Src/shift_reg_handler.o
 .debug_line    0x0000000000001106      0x4b1 ./Src/timer_driver.o
 .debug_line    0x00000000000015b7      0x68c ./Src/uart_driver.o
 .debug_line    0x0000000000001c43       0x7b ./Startup/startup_stm32f411ceux.o

.debug_str      0x0000000000000000    0x53330
 .debug_str     0x0000000000000000     0x2e0f ./Src/clock_handler.o
 .debug_str     0x0000000000002e0f    0x4fff4 ./Src/main.o
                                      0x52fe1 (size before relaxing)
 .debug_str     0x0000000000052e03      0x3b5 ./Src/shift_reg_handler.o
                                      0x532c0 (size before relaxing)
 .debug_str     0x00000000000531b8       0x35 ./Src/timer_driver.o
                                      0x4f520 (size before relaxing)
 .debug_str     0x00000000000531ed      0x114 ./Src/uart_driver.o
                                      0x53065 (size before relaxing)
 .debug_str     0x0000000000053301       0x2f ./Startup/startup_stm32f411ceux.o
                                         0x64 (size before relaxing)

.debug_frame    0x0000000000000000      0x38c
 .debug_frame   0x0000000000000000       0xb0 ./Src/clock_handler.o
 .debug_frame   0x00000000000000b0       0x30 ./Src/main.o
 .debug_frame   0x00000000000000e0      0x190 ./Src/shift_reg_handler.o
 .debug_frame   0x0000000000000270       0x30 ./Src/timer_driver.o
 .debug_frame   0x00000000000002a0       0xa0 ./Src/uart_driver.o
 .debug_frame   0x0000000000000340       0x20 /Applications/STM32CubeIDE.app/Contents/Eclipse/plugins/com.st.stm32cube.ide.mcu.externaltools.gnu-tools-for-stm32.11.3.rel1.macos64_1.1.1.202309131626/tools/bin/../lib/gcc/arm-none-eabi/11.3.1/../../../../arm-none-eabi/lib/thumb/v7e-m+fp/hard/libc_nano.a(libc_a-memset.o)
 .debug_frame   0x0000000000000360       0x2c /Applications/STM32CubeIDE.app/Contents/Eclipse/plugins/com.st.stm32cube.ide.mcu.externaltools.gnu-tools-for-stm32.11.3.rel1.macos64_1.1.1.202309131626/tools/bin/../lib/gcc/arm-none-eabi/11.3.1/../../../../arm-none-eabi/lib/thumb/v7e-m+fp/hard/libc_nano.a(libc_a-init.o)

.debug_line_str
                0x0000000000000000       0x58
 .debug_line_str
                0x0000000000000000       0x58 ./Startup/startup_stm32f411ceux.o
                                         0x70 (size before relaxing)
